
Cisco Packet Tracer SERVER Command Line 1.0
C:\>ftp 192.168.2.3
Trying to connect...192.168.2.3
Connected to 192.168.2.3
220- Welcome to PT Ftp server
Username:bhanu
331- Username ok, need password
Password:
230- Logged in
(passive mode On)
ftp>





Router>en
Router#configure terminal
Enter configuration commands, one per line.  End with CNTL/Z.
Router(config)#interface gig0/0
%Invalid interface type and number
Router(config)#interface gig 0/0
%Invalid interface type and number
Router(config)#
Router(config)#
Router(config)#interface FastEthernet0/0
Router(config-if)#ipv6 address 2001:A:1/64
% Incomplete command.
Router(config-if)#ipv6 address 2001:A::1/64
Router(config-if)#no shutdown

Router(config-if)#
%LINK-5-CHANGED: Interface FastEthernet0/0, changed state to up

%LINEPROTO-5-UPDOWN: Line protocol on Interface FastEthernet0/0, changed state to up



Router#en
Router#configure terminal
Enter configuration commands, one per line.  End with CNTL/Z.
Router(config)#interface FastEthernet0/1
Router(config-if)#ipv6 address 3001:AB::1/64
Router(config-if)#no shutdown

Router(config-if)#
%LINK-5-CHANGED: Interface FastEthernet0/1, changed state to up

%LINEPROTO-5-UPDOWN: Line protocol on Interface FastEthernet0/1, changed state to up

Router#
%SYS-5-CONFIG_I: Configured from console by console



Router(config-if)#exit
Router(config)#exit
Router#
%SYS-5-CONFIG_I: Configured from console by console

Router#enable
Router#configure terminal
Enter configuration commands, one per line.  End with CNTL/Z.
Router(config)#ipv6 unicast-routing
Router(config)#interface FastEthernet0/1
Router(config-if)#ipv6 rip n1 enable
Router(config-if)#interface FastEthernet0/0
Router(config-if)#ipv6 rip n2 enable
Router(config-if)#













Router>en
Router#configure terminal
Enter configuration commands, one per line.  End with CNTL/Z.
Router(config)#interface FastEthernet0/0
Router(config-if)#exit
Router(config)#ipv6 unicast-routing
Router(config)#ipv6 router rip n1
Router(config-rtr)#interface FastEthernet0/0
Router(config-if)#ipv6 rip n1 enable
Router(config-if)#interface FastEthernet0/1
Router(config-if)#ipv6 rip n2 enable
Router(config-if)#